INFO: Started
ERROR: Failed login
WARNING: Disk low
ERROR: Timeout
